node : file:///C:/Use
rs/rayen/cs-roadmap-p
latform/server/src/co
nfig/db.js:8
At line:1 char:1
+ node server/src/scr
ipts/verification_eli
te.js > 
test_output.txt 2>&1
+ ~~~~~~~~~~~~~~~~~~~
~~~~~~~~~~~~~~~~~~~~~
~~~~~~~~~~~~~~~~~~~~~
~~~~~~~
    + CategoryInfo   
           : NotSpe  
  cified: (file://   
 /C:/User.../conf    
ig/db.js:8:Strin    
g) [], RemoteExc    
eption
    + FullyQualified 
   ErrorId : Native  
  CommandError
 
  throw new 
Error('DATABASE_URL 
not defined');
        ^

Error: DATABASE_URL 
not defined
    at file:///C:/Use
rs/rayen/cs-roadmap-p
latform/server/src/co
nfig/db.js:8:9
    at ModuleJob.run 
(node:internal/module
s/esm/module_job:413:
25)
    at async onImport
.tracePromise.__proto
__ (node:internal/mod
ules/esm/loader:660:2
6)
    at async asyncRun
EntryPointWithESMLoad
er (node:internal/mod
ules/run_main:101:5)

Node.js v24.12.0
